error: `skip` must be > 0
 --> tests/ui/skip_zero.rs:5:3
  |
5 |   #[skip(0)]
  |   ^
